../Drivers/CMSIS/Include/core_cm7.h:2229:22:SCB_EnableICache	4	static,ignoring_inline_asm
../Drivers/CMSIS/Include/core_cm7.h:2281:22:SCB_EnableDCache	24	static,ignoring_inline_asm
../Core/Src/main.c:189:6:HAL_UART_RxCpltCallback	24	static
../Core/Src/main.c:206:6:initializeSD	8	static
../Core/Src/main.c:214:6:initMusique	24	static
../Core/Src/main.c:239:6:lanceMusique	8	static
../Core/Src/main.c:252:6:headerWav	24	static
../Core/Src/main.c:282:5:main	144	static
../Core/Src/main.c:415:6:SystemClock_Config	88	static
../Core/Src/main.c:471:6:PeriphCommonClock_Config	144	static
../Core/Src/main.c:499:13:MX_ADC1_Init	24	static
../Core/Src/main.c:551:13:MX_ADC3_Init	24	static
../Core/Src/main.c:603:13:MX_DMA2D_Init	8	static
../Core/Src/main.c:640:13:MX_LTDC_Init	64	static
../Core/Src/main.c:702:13:MX_SAI2_Init	8	static
../Core/Src/main.c:777:13:MX_SDMMC1_SD_Init	4	static
../Core/Src/main.c:805:13:MX_UART7_Init	8	static
../Core/Src/main.c:840:13:MX_USART1_UART_Init	8	static
../Core/Src/main.c:873:13:MX_DMA_Init	16	static
../Core/Src/main.c:896:13:MX_FMC_Init	40	static
../Core/Src/main.c:975:13:MX_GPIO_Init	72	static
../Core/Src/main.c:1308:6:BSP_AUDIO_OUT_TransferComplete_CallBack	16	static
../Core/Src/main.c:1314:6:BSP_AUDIO_OUT_HalfTransfer_CallBack	16	static
../Core/Src/main.c:1328:6:StartDefaultTask	16	static
../Core/Src/main.c:1346:6:funcAffichageBackground	240	static
../Core/Src/main.c:1737:6:startMusiqueFunc	32	static
../Core/Src/main.c:1770:6:HAL_TIM_PeriodElapsedCallback	16	static
../Core/Src/main.c:1787:6:Error_Handler	4	static,ignoring_inline_asm
