../Core/Src/stm32746g_discovery_lcd.c:160:9:BSP_LCD_Init	8	static
../Core/Src/stm32746g_discovery_lcd.c:222:9:BSP_LCD_DeInit	8	static
../Core/Src/stm32746g_discovery_lcd.c:243:10:BSP_LCD_GetXSize	4	static
../Core/Src/stm32746g_discovery_lcd.c:252:10:BSP_LCD_GetYSize	4	static
../Core/Src/stm32746g_discovery_lcd.c:262:6:BSP_LCD_SetXSize	16	static
../Core/Src/stm32746g_discovery_lcd.c:272:6:BSP_LCD_SetYSize	16	static
../Core/Src/stm32746g_discovery_lcd.c:283:6:BSP_LCD_LayerDefaultInit	72	static
../Core/Src/stm32746g_discovery_lcd.c:317:6:BSP_LCD_LayerRgb565Init	72	static
../Core/Src/stm32746g_discovery_lcd.c:350:6:BSP_LCD_SelectLayer	16	static
../Core/Src/stm32746g_discovery_lcd.c:364:6:BSP_LCD_SetLayerVisible	16	static
../Core/Src/stm32746g_discovery_lcd.c:386:6:BSP_LCD_SetLayerVisible_NoReload	16	static
../Core/Src/stm32746g_discovery_lcd.c:406:6:BSP_LCD_SetTransparency	16	static
../Core/Src/stm32746g_discovery_lcd.c:418:6:BSP_LCD_SetTransparency_NoReload	16	static
../Core/Src/stm32746g_discovery_lcd.c:429:6:BSP_LCD_SetLayerAddress	16	static
../Core/Src/stm32746g_discovery_lcd.c:440:6:BSP_LCD_SetLayerAddress_NoReload	16	static
../Core/Src/stm32746g_discovery_lcd.c:454:6:BSP_LCD_SetLayerWindow	24	static
../Core/Src/stm32746g_discovery_lcd.c:472:6:BSP_LCD_SetLayerWindow_NoReload	24	static
../Core/Src/stm32746g_discovery_lcd.c:487:6:BSP_LCD_SetColorKeying	16	static
../Core/Src/stm32746g_discovery_lcd.c:500:6:BSP_LCD_SetColorKeying_NoReload	16	static
../Core/Src/stm32746g_discovery_lcd.c:512:6:BSP_LCD_ResetColorKeying	16	static
../Core/Src/stm32746g_discovery_lcd.c:523:6:BSP_LCD_ResetColorKeying_NoReload	16	static
../Core/Src/stm32746g_discovery_lcd.c:536:6:BSP_LCD_Reload	16	static
../Core/Src/stm32746g_discovery_lcd.c:546:6:BSP_LCD_SetTextColor	16	static
../Core/Src/stm32746g_discovery_lcd.c:555:10:BSP_LCD_GetTextColor	4	static
../Core/Src/stm32746g_discovery_lcd.c:565:6:BSP_LCD_SetBackColor	16	static
../Core/Src/stm32746g_discovery_lcd.c:574:10:BSP_LCD_GetBackColor	4	static
../Core/Src/stm32746g_discovery_lcd.c:584:6:BSP_LCD_SetFont	16	static
../Core/Src/stm32746g_discovery_lcd.c:593:8:BSP_LCD_GetFont	4	static
../Core/Src/stm32746g_discovery_lcd.c:604:10:BSP_LCD_ReadPixel	32	static
../Core/Src/stm32746g_discovery_lcd.c:639:6:BSP_LCD_Clear	40	static
../Core/Src/stm32746g_discovery_lcd.c:650:6:BSP_LCD_ClearStringLine	32	static
../Core/Src/stm32746g_discovery_lcd.c:670:6:BSP_LCD_DisplayChar	24	static
../Core/Src/stm32746g_discovery_lcd.c:688:6:BSP_LCD_DisplayStringAt	48	static
../Core/Src/stm32746g_discovery_lcd.c:749:6:BSP_LCD_DisplayStringAtLine	16	static
../Core/Src/stm32746g_discovery_lcd.c:761:6:BSP_LCD_DrawHLine	40	static
../Core/Src/stm32746g_discovery_lcd.c:786:6:BSP_LCD_DrawVLine	48	static
../Core/Src/stm32746g_discovery_lcd.c:812:6:BSP_LCD_DrawLine	56	static
../Core/Src/stm32746g_discovery_lcd.c:887:6:BSP_LCD_DrawRect	24	static
../Core/Src/stm32746g_discovery_lcd.c:905:6:BSP_LCD_DrawCircle	40	static
../Core/Src/stm32746g_discovery_lcd.c:952:6:BSP_LCD_DrawPolygon	32	static
../Core/Src/stm32746g_discovery_lcd.c:980:6:BSP_LCD_DrawEllipse	64	static
../Core/Src/stm32746g_discovery_lcd.c:1013:6:BSP_LCD_DrawPixel	24	static
../Core/Src/stm32746g_discovery_lcd.c:1033:6:BSP_LCD_DrawBitmap	56	static
../Core/Src/stm32746g_discovery_lcd.c:1091:6:BSP_LCD_FillRect	48	static
../Core/Src/stm32746g_discovery_lcd.c:1118:6:BSP_LCD_FillCircle	32	static
../Core/Src/stm32746g_discovery_lcd.c:1166:6:BSP_LCD_FillPolygon	64	static
../Core/Src/stm32746g_discovery_lcd.c:1234:6:BSP_LCD_FillEllipse	56	static
../Core/Src/stm32746g_discovery_lcd.c:1264:6:BSP_LCD_DisplayOn	8	static
../Core/Src/stm32746g_discovery_lcd.c:1276:6:BSP_LCD_DisplayOff	8	static
../Core/Src/stm32746g_discovery_lcd.c:1290:13:BSP_LCD_MspInit	72	static
../Core/Src/stm32746g_discovery_lcd.c:1362:13:BSP_LCD_MspDeInit	40	static
../Core/Src/stm32746g_discovery_lcd.c:1411:13:BSP_LCD_ClockConfig	16	static
../Core/Src/stm32746g_discovery_lcd.c:1439:13:DrawChar	40	static
../Core/Src/stm32746g_discovery_lcd.c:1498:13:FillTriangle	56	static
../Core/Src/stm32746g_discovery_lcd.c:1576:13:LL_FillBuffer	32	static
../Core/Src/stm32746g_discovery_lcd.c:1608:17:RGB565ToARGB8888	24	static
../Core/Src/stm32746g_discovery_lcd.c:1618:12:IsColorNearMagenta	24	static
../Core/Src/stm32746g_discovery_lcd.c:1638:13:LL_ConvertLineToARGB8888	48	static
